---
source: src/commands/treemap.rs
expression: out
---
=== default ===
┌───────────────────────────────────────────┐┌─────────────┐
│Rent                                       ││Streaming    │
│4766 zł/mo                                 ││1206 zł/mo   │
│57192 zł/yr                                ││14472 zł/yr  │
│                                           ││             │
│                                           ││             │
│                                           ││             │
│                                           ││             │
│                                           ││             │
│                                           ││             │
│                                           ││             │
│                                           ││             │
│                                           ││             │
│                                           ││             │
│                                           ││             │
│                                           │└─────────────┘
│                                           │┌────────┐ ┌──┐
│                                           ││Phone   │ │G…│
│                                           ││230 zł/…│ │  │
└───────────────────────────────────────────┘└────────┘ └──┘

=== filtered by category 'fun' ===
┌──────────────────────────────────────────────────────┐┌──┐
│Streaming                                             ││G…│
│1206 zł/mo                                            ││  │
│14472 zł/yr                                           ││  │
│                                                      ││  │
│                                                      ││  │
│                                                      ││  │
│                                                      ││  │
│                                                      ││  │
│                                                      ││  │
│                                                      ││  │
│                                                      ││  │
│                                                      ││  │
│                                                      ││  │
│                                                      ││  │
│                                                      ││  │
│                                                      ││  │
│                                                      ││  │
│                                                      ││  │
└──────────────────────────────────────────────────────┘└──┘

=== min/max range 100..2000 ===
┌────────────────────────────────────────────────┐┌────────┐
│Streaming                                       ││Phone   │
│1206 zł/mo                                      ││230 zł/…│
│14472 zł/yr                                     ││2760 zł…│
│                                                ││        │
│                                                ││        │
│                                                ││        │
│                                                ││        │
│                                                ││        │
│                                                ││        │
│                                                ││        │
│                                                ││        │
│                                                ││        │
│                                                ││        │
│                                                ││        │
│                                                ││        │
│                                                ││        │
│                                                ││        │
│                                                ││        │
└────────────────────────────────────────────────┘└────────┘
+ 2 outside amount range (drop --min/--max to show all)

=== no recurring expenses ===
No recurring expenses found.

=== no expenses match category ===
No expenses with amount and interval set.

=== ended expenses hidden ===
┌───────────────────────────────────────────┐┌─────────────┐
│Rent                                       ││Streaming    │
│4766 zł/mo                                 ││1206 zł/mo   │
│57192 zł/yr                                ││14472 zł/yr  │
│                                           ││             │
│                                           ││             │
│                                           ││             │
│                                           ││             │
│                                           ││             │
│                                           ││             │
│                                           ││             │
│                                           ││             │
│                                           ││             │
│                                           ││             │
│                                           ││             │
│                                           │└─────────────┘
│                                           │┌────────┐ ┌──┐
│                                           ││Phone   │ │G…│
│                                           ││230 zł/…│ │  │
└───────────────────────────────────────────┘└────────┘ └──┘
+ 1 ended (recu treemap --all)

=== no expenses match amount range ===
No expenses match the monthly amount range.
