---
source: src/commands/timeline.rs
expression: out
---
=== empty store ===
No recurring expenses found.

=== no occurrences in window ===
No expenses in timeline.

=== single in range ===
date      name     amount
────────  ───────  ──────
Apr 2026
      20  Netflix  $15.99
Total  $15.99

=== monthly spans two months ===
date      name     amount
────────  ───────  ──────
Apr 2026
      20  Netflix  $15.99
May 2026
      20  Netflix  $15.99
Total  $31.98

=== multiple across months ===
date      name     amount
────────  ───────  ──────
Apr 2026
      20  Netflix  $15.99
May 2026
       1  Spotify   $9.99
      20  Netflix  $15.99
Jun 2026
       1  Spotify   $9.99
Total  $51.96

=== totals with uniform currency ===
date      name     amount
────────  ───────  ──────
Apr 2026
      20  Netflix  $15.99
      25  Spotify   $9.99
Total  $25.98

=== past occurrences ===
date      name     amount
────────  ───────  ──────
Apr 2026
       1  Netflix  $15.99
Total  $-0.00

=== past and future combined ===
date      name     amount
────────  ───────  ──────
Apr 2026
       1  Netflix  $15.99
May 2026
       1  Netflix  $15.99
Total  $15.99

=== ended hidden by default ===
date      name     amount
────────  ───────  ──────
Apr 2026
      20  Netflix  $15.99
Total  $15.99

=== --all reveals ended occurrences ===
date      name     amount
────────  ───────  ──────
Apr 2026
       1  OldGym   $30.00
      20  Netflix  $15.99
May 2026
       1  OldGym   $30.00
Total  $45.99
